
======================================================================
  LLM-POWERED REACT AGENT TEST SUITE (STEP 5)
======================================================================

Testing intelligent LLM-based reasoning agent...
This uses OpenAI GPT for thought generation,
action decision, and final answer synthesis.

======================================================================
  TEST 1: LLM Agent - Basic Query
======================================================================

Query: What did Hillary Clinton say about immigration?

python : Traceback (most recent call last):
At line:1 char:32
+ ... ivate.ps1"; python test/test_llm_agent.py > test_output.txt 2>&1; Get ...
+                 ~~~~~~~~~~~~~~~~~~~~~~~~~~~~~~~~~~~~~~~~~~~~~~~~~~~~
    + CategoryInfo          : NotSpecified: (Traceback (most recent call last) 
   ::String) [], RemoteException
    + FullyQualifiedErrorId : NativeCommandError
 
  File "C:\Users\Shahar 
Golan\VisualStudioProjects\TED_system\test\test_llm_agent.py", line 160, in 
main
    success = test_func()
  File "C:\Users\Shahar 
Golan\VisualStudioProjects\TED_system\test\test_llm_agent.py", line 41, in 
test_llm_agent_basic
    print(f"\u2713 Agent completed in {result['iterations']} iterations")
    ~~~~~^^^^^^^^^^^^^^^^^^^^^^^^^^^^^^^^^^^^^^^^^^^^^^^^^^^^^^^^^^^
  File "C:\Users\Shahar 
Golan\AppData\Local\Programs\Python\Python313\Lib\encodings\cp1252.py", line 
19, in encode
    return codecs.charmap_encode(input,self.errors,encoding_table)[0]
           ~~~~~~~~~~~~~~~~~~~~~^^^^^^^^^^^^^^^^^^^^^^^^^^^^^^^^^^
UnicodeEncodeError: 'charmap' codec can't encode character '\u2713' in 
position 0: character maps to <undefined>

During handling of the above exception, another exception occurred:

Traceback (most recent call last):
  File "C:\Users\Shahar 
Golan\VisualStudioProjects\TED_system\test\test_llm_agent.py", line 197, in 
<module>
    main()
    ~~~~^^
  File "C:\Users\Shahar 
Golan\VisualStudioProjects\TED_system\test\test_llm_agent.py", line 163, in 
main
    print(f"\n\u2717 {test_name} failed with exception: {e}")
    ~~~~~^^^^^^^^^^^^^^^^^^^^^^^^^^^^^^^^^^^^^^^^^^^^^^^
  File "C:\Users\Shahar 
Golan\AppData\Local\Programs\Python\Python313\Lib\encodings\cp1252.py", line 
19, in encode
    return codecs.charmap_encode(input,self.errors,encoding_table)[0]
           ~~~~~~~~~~~~~~~~~~~~~^^^^^^^^^^^^^^^^^^^^^^^^^^^^^^^^^^
UnicodeEncodeError: 'charmap' codec can't encode character '\u2717' in 
position 2: character maps to <undefined>
